Release 14.7 - xst P.20131013 (lin64)
Copyright (c) 1995-2013 Xilinx, Inc.  All rights reserved.
--> 
Parameter TMPDIR set to xst/projnav.tmp


Total REAL time to Xst completion: 0.00 secs
Total CPU time to Xst completion: 0.04 secs
 
--> 
Parameter xsthdpdir set to xst


Total REAL time to Xst completion: 0.00 secs
Total CPU time to Xst completion: 0.04 secs
 
--> 
Reading design: Minimig1.prj

TABLE OF CONTENTS
  1) Synthesis Options Summary
  2) HDL Compilation
  3) Design Hierarchy Analysis
  4) HDL Analysis
  5) HDL Synthesis
     5.1) HDL Synthesis Report
  6) Advanced HDL Synthesis
     6.1) Advanced HDL Synthesis Report
  7) Low Level Synthesis
  8) Partition Report
  9) Final Report
	9.1) Device utilization summary
	9.2) Partition Resource Summary
	9.3) TIMING REPORT


=========================================================================
*                      Synthesis Options Summary                        *
=========================================================================
---- Source Parameters
Input File Name                    : "Minimig1.prj"
Input Format                       : mixed
Ignore Synthesis Constraint File   : NO

---- Target Parameters
Output File Name                   : "Minimig1"
Output Format                      : NGC
Target Device                      : xc3s400-5-pq208

---- Source Options
Top Module Name                    : Minimig1
Automatic FSM Extraction           : YES
FSM Encoding Algorithm             : Auto
Safe Implementation                : No
FSM Style                          : LUT
RAM Extraction                     : Yes
RAM Style                          : Auto
ROM Extraction                     : Yes
Mux Style                          : Auto
Decoder Extraction                 : YES
Priority Encoder Extraction        : Yes
Shift Register Extraction          : YES
Logical Shifter Extraction         : YES
XOR Collapsing                     : YES
ROM Style                          : Auto
Mux Extraction                     : Yes
Resource Sharing                   : YES
Asynchronous To Synchronous        : NO
Multiplier Style                   : Auto
Automatic Register Balancing       : No

---- Target Options
Add IO Buffers                     : YES
Global Maximum Fanout              : 500
Add Generic Clock Buffer(BUFG)     : 8
Register Duplication               : YES
Slice Packing                      : YES
Optimize Instantiated Primitives   : NO
Use Clock Enable                   : Yes
Use Synchronous Set                : Yes
Use Synchronous Reset              : Yes
Pack IO Registers into IOBs        : Auto
Equivalent register Removal        : YES

---- General Options
Optimization Goal                  : Speed
Optimization Effort                : 1
Keep Hierarchy                     : No
Netlist Hierarchy                  : As_Optimized
RTL Output                         : Yes
Global Optimization                : AllClockNets
Read Cores                         : YES
Write Timing Constraints           : NO
Cross Clock Analysis               : NO
Hierarchy Separator                : /
Bus Delimiter                      : <>
Case Specifier                     : Maintain
Slice Utilization Ratio            : 100
BRAM Utilization Ratio             : 100
Verilog 2001                       : YES
Auto BRAM Packing                  : NO
Slice Utilization Ratio Delta      : 5

=========================================================================


=========================================================================
*                          HDL Compilation                              *
=========================================================================
Compiling verilog file "../Minimig1.v" in library work
Module <Minimig1> compiled
No errors in compilation
Analysis of file <"Minimig1.prj"> succeeded.
 

=========================================================================
*                     Design Hierarchy Analysis                         *
=========================================================================
Analyzing hierarchy for module <Minimig1> in library <work> with parameters.
	c_CNT_100HZ = "00000000000010000111010011100011"
	c_CNT_10HZ = "00000000000100001110100111000110"
	c_CNT_1HZ = "00000000001000011101001110001100"
	c_CNT_50HZ = "00000000000010110100011010000100"


=========================================================================
*                            HDL Analysis                               *
=========================================================================
Analyzing top module <Minimig1>.
	c_CNT_100HZ = 32'sb00000000000010000111010011100011
	c_CNT_10HZ = 32'sb00000000000100001110100111000110
	c_CNT_1HZ = 32'sb00000000001000011101001110001100
	c_CNT_50HZ = 32'sb00000000000010110100011010000100
Module <Minimig1> is correct for synthesis.
 

=========================================================================
*                           HDL Synthesis                               *
=========================================================================

Performing bidirectional port resolution...

Synthesizing Unit <Minimig1>.
    Related source file is "../Minimig1.v".
    Found 32-bit up counter for signal <r_CNT_100HZ>.
    Found 32-bit up counter for signal <r_CNT_10HZ>.
    Found 32-bit up counter for signal <r_CNT_1HZ>.
    Found 32-bit up counter for signal <r_CNT_50HZ>.
    Found 1-bit 4-to-1 multiplexer for signal <r_LED_SELECT>.
    Found 1-bit register for signal <r_TOGGLE_100HZ>.
    Found 1-bit register for signal <r_TOGGLE_10HZ>.
    Found 1-bit register for signal <r_TOGGLE_1HZ>.
    Found 1-bit register for signal <r_TOGGLE_50HZ>.
    Summary:
	inferred   4 Counter(s).
	inferred   4 D-type flip-flop(s).
	inferred   1 Multiplexer(s).
Unit <Minimig1> synthesized.


=========================================================================
HDL Synthesis Report

Macro Statistics
# Counters                                             : 4
 32-bit up counter                                     : 4
# Registers                                            : 4
 1-bit register                                        : 4
# Multiplexers                                         : 1
 1-bit 4-to-1 multiplexer                              : 1

=========================================================================

=========================================================================
*                       Advanced HDL Synthesis                          *
=========================================================================


=========================================================================
Advanced HDL Synthesis Report

Macro Statistics
# Counters                                             : 4
 32-bit up counter                                     : 4
# Registers                                            : 4
 Flip-Flops                                            : 4
# Multiplexers                                         : 1
 1-bit 4-to-1 multiplexer                              : 1

=========================================================================

=========================================================================
*                         Low Level Synthesis                           *
=========================================================================

Optimizing unit <Minimig1> ...

Mapping all equations...
Building and optimizing final netlist ...
Found area constraint ratio of 100 (+ 5) on block Minimig1, actual ratio is 2.

Final Macro Processing ...

=========================================================================
Final Register Report

Macro Statistics
# Registers                                            : 132
 Flip-Flops                                            : 132

=========================================================================

=========================================================================
*                           Partition Report                            *
=========================================================================

Partition Implementation Status
-------------------------------

  No Partitions were found in this design.

-------------------------------

=========================================================================
*                            Final Report                               *
=========================================================================
Final Results
RTL Top Level Output File Name     : Minimig1.ngr
Top Level Output File Name         : Minimig1
Output Format                      : NGC
Optimization Goal                  : Speed
Keep Hierarchy                     : No

Design Statistics
# IOs                              : 4

Cell Usage :
# BELS                             : 453
#      GND                         : 1
#      INV                         : 8
#      LUT1                        : 124
#      LUT3                        : 2
#      LUT4                        : 32
#      MUXCY                       : 156
#      MUXF5                       : 1
#      VCC                         : 1
#      XORCY                       : 128
# FlipFlops/Latches                : 132
#      FDE                         : 4
#      FDR                         : 128
# Clock Buffers                    : 1
#      BUFGP                       : 1
# IO Buffers                       : 3
#      IBUF                        : 2
#      OBUF                        : 1
=========================================================================

Device utilization summary:
---------------------------

Selected Device : 3s400pq208-5 

 Number of Slices:                       86  out of   3584     2%  
 Number of Slice Flip Flops:            132  out of   7168     1%  
 Number of 4 input LUTs:                166  out of   7168     2%  
 Number of IOs:                           4
 Number of bonded IOBs:                   4  out of    141     2%  
 Number of GCLKs:                         1  out of      8    12%  

---------------------------
Partition Resource Summary:
---------------------------

  No Partitions were found in this design.

---------------------------


=========================================================================
TIMING REPORT

NOTE: THESE TIMING NUMBERS ARE ONLY A SYNTHESIS ESTIMATE.
      FOR ACCURATE TIMING INFORMATION PLEASE REFER TO THE TRACE REPORT
      GENERATED AFTER PLACE-and-ROUTE.

Clock Information:
------------------
-----------------------------------+------------------------+-------+
Clock Signal                       | Clock buffer(FF name)  | Load  |
-----------------------------------+------------------------+-------+
i_clock                            | BUFGP                  | 132   |
-----------------------------------+------------------------+-------+

Asynchronous Control Signals Information:
----------------------------------------
No asynchronous control signals found in this design

Timing Summary:
---------------
Speed Grade: -5

   Minimum period: 5.631ns (Maximum Frequency: 177.590MHz)
   Minimum input arrival time before clock: No path found
   Maximum output required time after clock: 7.924ns
   Maximum combinational path delay: 8.138ns

Timing Detail:
--------------
All values displayed in nanoseconds (ns)

=========================================================================
Timing constraint: Default period analysis for Clock 'i_clock'
  Clock period: 5.631ns (frequency: 177.590MHz)
  Total number of paths / destination ports: 6340 / 264
-------------------------------------------------------------------------
Delay:               5.631ns (Levels of Logic = 9)
  Source:            r_CNT_10HZ_9 (FF)
  Destination:       r_CNT_10HZ_0 (FF)
  Source Clock:      i_clock rising
  Destination Clock: i_clock rising

  Data Path: r_CNT_10HZ_9 to r_CNT_10HZ_0
                                Gate     Net
    Cell:in->out      fanout   Delay   Delay  Logical Name (Net Name)
    ----------------------------------------  ------------
     FDR:C->Q              2   0.626   1.040  r_CNT_10HZ_9 (r_CNT_10HZ_9)
     LUT4:I0->O            1   0.479   0.000  r_TOGGLE_10HZ_cmp_eq0000_wg_lut<0> (r_TOGGLE_10HZ_cmp_eq0000_wg_lut<0>)
     MUXCY:S->O            1   0.435   0.000  r_TOGGLE_10HZ_cmp_eq0000_wg_cy<0> (r_TOGGLE_10HZ_cmp_eq0000_wg_cy<0>)
     MUXCY:CI->O           1   0.056   0.000  r_TOGGLE_10HZ_cmp_eq0000_wg_cy<1> (r_TOGGLE_10HZ_cmp_eq0000_wg_cy<1>)
     MUXCY:CI->O           1   0.056   0.000  r_TOGGLE_10HZ_cmp_eq0000_wg_cy<2> (r_TOGGLE_10HZ_cmp_eq0000_wg_cy<2>)
     MUXCY:CI->O           1   0.056   0.000  r_TOGGLE_10HZ_cmp_eq0000_wg_cy<3> (r_TOGGLE_10HZ_cmp_eq0000_wg_cy<3>)
     MUXCY:CI->O           1   0.056   0.000  r_TOGGLE_10HZ_cmp_eq0000_wg_cy<4> (r_TOGGLE_10HZ_cmp_eq0000_wg_cy<4>)
     MUXCY:CI->O           1   0.056   0.000  r_TOGGLE_10HZ_cmp_eq0000_wg_cy<5> (r_TOGGLE_10HZ_cmp_eq0000_wg_cy<5>)
     MUXCY:CI->O           1   0.056   0.000  r_TOGGLE_10HZ_cmp_eq0000_wg_cy<6> (r_TOGGLE_10HZ_cmp_eq0000_wg_cy<6>)
     MUXCY:CI->O          33   0.246   1.580  r_TOGGLE_10HZ_cmp_eq0000_wg_cy<7> (r_TOGGLE_10HZ_cmp_eq0000)
     FDR:R                     0.892          r_CNT_10HZ_0
    ----------------------------------------
    Total                      5.631ns (3.011ns logic, 2.620ns route)
                                       (53.5% logic, 46.5% route)

=========================================================================
Timing constraint: Default OFFSET OUT AFTER for Clock 'i_clock'
  Total number of paths / destination ports: 4 / 1
-------------------------------------------------------------------------
Offset:              7.924ns (Levels of Logic = 3)
  Source:            r_TOGGLE_100HZ (FF)
  Destination:       o_led_drive (PAD)
  Source Clock:      i_clock rising

  Data Path: r_TOGGLE_100HZ to o_led_drive
                                Gate     Net
    Cell:in->out      fanout   Delay   Delay  Logical Name (Net Name)
    ----------------------------------------  ------------
     FDE:C->Q              2   0.626   0.915  r_TOGGLE_100HZ (r_TOGGLE_100HZ)
     LUT3:I1->O            1   0.479   0.000  Mmux_r_LED_SELECT_4 (Mmux_r_LED_SELECT_4)
     MUXF5:I0->O           1   0.314   0.681  Mmux_r_LED_SELECT_2_f5 (o_led_drive_OBUF)
     OBUF:I->O                 4.909          o_led_drive_OBUF (o_led_drive)
    ----------------------------------------
    Total                      7.924ns (6.328ns logic, 1.596ns route)
                                       (79.9% logic, 20.1% route)

=========================================================================
Timing constraint: Default path analysis
  Total number of paths / destination ports: 3 / 1
-------------------------------------------------------------------------
Delay:               8.138ns (Levels of Logic = 4)
  Source:            i_switch_2 (PAD)
  Destination:       o_led_drive (PAD)

  Data Path: i_switch_2 to o_led_drive
                                Gate     Net
    Cell:in->out      fanout   Delay   Delay  Logical Name (Net Name)
    ----------------------------------------  ------------
     IBUF:I->O             2   0.715   1.040  i_switch_2_IBUF (i_switch_2_IBUF)
     LUT3:I0->O            1   0.479   0.000  Mmux_r_LED_SELECT_3 (Mmux_r_LED_SELECT_3)
     MUXF5:I1->O           1   0.314   0.681  Mmux_r_LED_SELECT_2_f5 (o_led_drive_OBUF)
     OBUF:I->O                 4.909          o_led_drive_OBUF (o_led_drive)
    ----------------------------------------
    Total                      8.138ns (6.417ns logic, 1.721ns route)
                                       (78.8% logic, 21.2% route)

=========================================================================


Total REAL time to Xst completion: 4.00 secs
Total CPU time to Xst completion: 3.45 secs
 
--> 


Total memory usage is 515092 kilobytes

Number of errors   :    0 (   0 filtered)
Number of warnings :    0 (   0 filtered)
Number of infos    :    0 (   0 filtered)

